// Jest Snapshot v1, https://goo.gl/fbAQLP

exports[`<WaitList /> Should render correctly in status ACCESS 1`] = `
<main
  className="WaitList"
>
  <HelmetWrapper
    defer={true}
    encodeSpecialCharacters={true}
  >
    <title>
      Hedvig
    </title>
  </HelmetWrapper>
  <Header
    headerRight={<UNDEFINED />}
    static={true}
  />
  <article
    className="pure-g pure-centered"
  >
    <div
      className="pure-u-1-1 pure-u-lg-4-5 WaitList__content"
    >
      <div>
        <h1
          className="WaitList__header"
        >
          Välkommen till Hedvig
        </h1>
        <p
          className="WaitList__paragraph"
        >
          Din aktiveringskod är
        </p>
        <p
          className="WaitList__code"
        >
          APPLE123
        </p>
        <CopyToClipboard
          text="APPLE123"
        >
          <WhiteRoundedButton
            onClick={[Function]}
            style={
              Object {
                "backgroundColor": "white",
                "color": "#651EFF",
                "width": "200px",
              }
            }
          >
            Kopiera koden
          </WhiteRoundedButton>
        </CopyToClipboard>
        <p
          className="WaitList__paragraph"
        >
          och installera sedan appen
        </p>
        <div>
          <a
            href="https://itunes.apple.com/se/app/hedvig/id1303668531?mt=8"
            rel="noopener noreferrer"
            target="_blank"
          >
            <img
              alt="Ladda ner på App Store"
              src="/assets/web/appstores/appstore-button.svg"
              width={152}
            />
          </a>
        </div>
        <div>
          <a
            href="https://play.google.com/store/apps/details?id=com.hedvig.app"
            rel="noopener noreferrer"
            target="_blank"
          >
            <img
              alt="Ladda ner på Google Play"
              src="/assets/web/appstores/google-play-button.svg"
              width={152}
            />
          </a>
        </div>
      </div>
    </div>
  </article>
</main>
`;

exports[`<WaitList /> Should render correctly in status NOT_FOUND 1`] = `
<main
  className="WaitList"
>
  <HelmetWrapper
    defer={true}
    encodeSpecialCharacters={true}
  >
    <title>
      Hedvig
    </title>
  </HelmetWrapper>
  <Header
    headerRight={<UNDEFINED />}
    static={true}
  />
  <article
    className="pure-g pure-centered"
  >
    <div
      className="pure-u-1-1 pure-u-lg-4-5 WaitList__content"
    >
      <WaitListError />
    </div>
  </article>
</main>
`;

exports[`<WaitList /> Should render correctly in status WAITLIST 1`] = `
<main
  className="WaitList"
>
  <HelmetWrapper
    defer={true}
    encodeSpecialCharacters={true}
  >
    <title>
      Hedvig
    </title>
  </HelmetWrapper>
  <Header
    headerRight={<UNDEFINED />}
    static={true}
  />
  <article
    className="pure-g pure-centered"
  >
    <div
      className="pure-u-1-1 pure-u-lg-4-5 WaitList__content"
    >
      <div>
        <h1
          className="WaitList__header"
        >
          Snart är det dags!
        </h1>
        <div
          className="pure-g pure-centered"
        >
          <div
            className="pure-u-1-1 pure-u-md-3-5 pure-u-lg-5-8 pure-u-xl-1-2"
          >
            <div
              className="WaitList__position-box"
            >
              <p
                className="WaitList__paragraph WaitList__paragraph--marginless"
              >
                Före dig på väntelistan står
              </p>
              <h3
                className="WaitList__header WaitList__heading--position"
              >
                1
                 
                <span
                  className="WaitList__person-label"
                >
                  personer
                </span>
              </h3>
            </div>
          </div>
        </div>
        <p
          className="WaitList__paragraph"
        >
          Du får en aktiveringskod på mailen så fort det är din tur!
        </p>
        <p
          className="WaitList__paragraph"
        >
          Vi ses snart!
        </p>
      </div>
    </div>
  </article>
</main>
`;
